FILTER ID	USER ID                             	NAME           	CREATED  	UPDATED   
c0c6035a 	24187768-ce8a-41f0-be74-c537c8e41adc   filter-list-test    	7-12-2023	7-12-2023	
d0e09134 	24187768-ce8a-41f0-be74-c537c8e41adc   RolloutAndIstio	7-12-2023	7-12-2023	

    TOTAL                     2     