FILTER ID	USER ID     NAME           	CREATED  	UPDATED   
6dc1d203 	24187768	TestFilter    	7-26-2021	7-26-2021	
957fbc9b 	24187768	KumaTest       	6-26-2021	6-26-2021	
d0e09134 	24187768	RolloutAndIstio	6-15-2021	6-15-2021	

    TOTAL                     3                                                             

